2026-06-22 16:54:18 [[32minfo[39m]: Connected to MongoDB successfully for Product Service.
2026-06-22 16:54:18 [[32minfo[39m]: Product Service is running on port 3002
2026-06-22 16:55:31 [[32minfo[39m]: GET /health
2026-06-22 16:58:04 [[32minfo[39m]: GET /health
2026-06-22 18:04:01 [[32minfo[39m]: GET /health
2026-06-22 18:07:40 [[32minfo[39m]: GET /api/products?limit=8&sort=newest
2026-06-22 18:07:40 [[32minfo[39m]: GET /api/products?limit=8&sort=newest
2026-06-22 18:14:07 [[32minfo[39m]: GET /health
2026-06-22 18:17:34 [[32minfo[39m]: GET /api/products?limit=8&sort=newest
2026-06-22 18:17:35 [[32minfo[39m]: GET /api/products?limit=8&sort=newest
2026-06-22 18:17:51 [[32minfo[39m]: GET /api/categories
2026-06-22 18:17:51 [[32minfo[39m]: GET /api/products?limit=50
2026-06-22 18:17:51 [[32minfo[39m]: GET /api/categories
2026-06-22 18:17:51 [[32minfo[39m]: GET /api/products?limit=50
2026-06-22 18:18:55 [[32minfo[39m]: Connected to MongoDB successfully for Product Service.
2026-06-22 18:18:55 [[32minfo[39m]: Product Service is running on port 3002
2026-06-22 18:19:55 [[32minfo[39m]: GET /api/products
2026-06-23 10:07:54 [[32minfo[39m]: Connected to MongoDB successfully for Product Service.
2026-06-23 10:07:54 [[32minfo[39m]: Product Service is running on port 3002
2026-06-23 10:10:09 [[32minfo[39m]: GET /health
2026-06-23 10:10:32 [[32minfo[39m]: GET /api/products?limit=8&sort=newest
2026-06-23 10:10:33 [[32minfo[39m]: GET /api/products?limit=8&sort=newest
2026-06-23 10:10:42 [[32minfo[39m]: GET /api/categories
2026-06-23 10:10:42 [[32minfo[39m]: GET /api/products?page=1&limit=20&sort=newest
2026-06-23 10:10:42 [[32minfo[39m]: GET /api/categories
2026-06-23 10:10:42 [[32minfo[39m]: GET /api/products?page=1&limit=20&sort=newest
2026-06-23 10:10:47 [[32minfo[39m]: GET /api/products?page=1&limit=20&sort=newest&category=electronics
2026-06-23 10:10:50 [[32minfo[39m]: GET /api/products?page=1&limit=20&sort=newest&category=books
2026-06-23 10:10:52 [[32minfo[39m]: GET /api/products?page=1&limit=20&sort=newest&category=clothing
2026-06-23 10:10:53 [[32minfo[39m]: GET /api/products?page=1&limit=20&sort=newest&category=home-garden
2026-06-23 10:10:58 [[32minfo[39m]: GET /api/products?page=1&limit=20&sort=newest&category=toys
2026-06-23 10:10:58 [[33mwarn[39m]: [INVALID_ID] Invalid category: toys
2026-06-23 10:10:59 [[32minfo[39m]: GET /api/products?page=1&limit=20&sort=newest&category=beauty
2026-06-23 10:10:59 [[33mwarn[39m]: [INVALID_ID] Invalid category: beauty
2026-06-23 10:11:00 [[32minfo[39m]: GET /api/products?page=1&limit=20&sort=newest&category=books
2026-06-23 10:11:20 [[32minfo[39m]: GET /api/products?limit=8&sort=newest
2026-06-23 10:11:20 [[32minfo[39m]: GET /api/products?limit=8&sort=newest
